HTTP/1.0 404 Not Found
Connection: keep-alive

HTTP/1.0 404 Not Found
Connection: close

